warning: function `hash_to_scalar` is never used
  --> pallets/ring-signatures/src/mlsag.rs:14:4
   |
14 | fn hash_to_scalar(data: &[u8]) -> Scalar {
   |    ^^^^^^^^^^^^^^
   |
   = note: `#[warn(dead_code)]` (part of `#[warn(unused)]`) on by default

warning: `pallet-ring-signatures` (lib) generated 1 warning
warning: unused import: `SaturatedConversion`
  --> pallets/pdex/src/lib.rs:62:105
   |
62 |         traits::{AccountIdConversion, Saturating, Zero, CheckedAdd, CheckedSub, CheckedMul, CheckedDiv, SaturatedConversion},
   |                                                                                                         ^^^^^^^^^^^^^^^^^^^
   |
   = note: `#[warn(unused_imports)]` (part of `#[warn(unused)]`) on by default

warning: `pallet-pdex` (lib) generated 1 warning (run `cargo fix --lib -p pallet-pdex` to apply 1 suggestion)
⚡ Found 3 strongly connected components which includes at least one cycle each
cycle(001) ∈ α: DisputeCoordinator ~~{"DisputeDistributionMessage"}~~> DisputeDistribution ~~{"DisputeCoordinatorMessage"}~~>  *
cycle(002) ∈ β: CandidateBacking ~~{"CollatorProtocolMessage"}~~> CollatorProtocol ~~{"CandidateBackingMessage"}~~>  *
cycle(003) ∈ γ: NetworkBridgeRx ~~{"GossipSupportMessage"}~~> GossipSupport ~~{"NetworkBridgeRxMessage"}~~>  *
warning: unused implementer of `frame_support::traits::Imbalance` that must be used
   --> pallets/confidential-transfer/src/lib.rs:236:13
    |
236 | /             T::Currency::withdraw(
237 | |                 &who,
238 | |                 amount,
239 | |                 WithdrawReasons::TRANSFER,
240 | |                 ExistenceRequirement::KeepAlive,
241 | |             ).map_err(|_| Error::<T>::InsufficientBalance)?;
    | |___________________________________________________________^
    |
    = note: `#[warn(unused_must_use)]` (part of `#[warn(unused)]`) on by default

warning: unused implementer of `frame_support::traits::Imbalance` that must be used
   --> pallets/confidential-transfer/src/lib.rs:458:13
    |
458 |             T::Currency::deposit_creating(&to, amount);
    |             ^^^^^^^^^^^^^^^^^^^^^^^^^^^^^^^^^^^^^^^^^^

warning: `pallet-confidential-transfer` (lib) generated 2 warnings
   Compiling solochain-template-runtime v0.1.0 (/root/chameleon-fresh/runtime)
warning: unused import: `ExistenceRequirement`
  --> pallets/staking/src/lib.rs:55:43
   |
55 |             Currency, ReservableCurrency, ExistenceRequirement,
   |                                           ^^^^^^^^^^^^^^^^^^^^
   |
   = note: `#[warn(unused_imports)]` (part of `#[warn(unused)]`) on by default

warning: `pallet-staking` (lib) generated 1 warning (run `cargo fix --lib -p pallet-staking` to apply 1 suggestion)
   Compiling solochain-template-node v0.1.0 (/root/chameleon-fresh/node)
warning: solochain-template-runtime@0.1.0: You are building WASM runtime using `wasm32-unknown-unknown` target, although Rust >= 1.84 supports `wasm32v1-none` target!
warning: solochain-template-runtime@0.1.0: You can install it with `rustup target add wasm32v1-none --toolchain stable-x86_64-unknown-linux-gnu` if you're using `rustup`.
warning: solochain-template-runtime@0.1.0: After installing `wasm32v1-none` target, you must rebuild WASM runtime from scratch, use `cargo clean` before building.
warning: unused import: `UNIT`
  --> runtime/src/configs/mod.rs:45:55
   |
45 |     System, EXISTENTIAL_DEPOSIT, SLOT_DURATION, VERSION, UNIT,
   |                                                          ^^^^
   |
   = note: `#[warn(unused_imports)]` (part of `#[warn(unused)]`) on by default

warning: unnecessary parentheses around closure body
  --> runtime/src/genesis_config_presets.rs:89:73
   |
89 |                         authorities: initial_authorities.iter().map(|x| (x.0.clone())).collect::<Vec<_>>(),
   |                                                                         ^           ^
   |
   = note: `#[warn(unused_parens)]` (part of `#[warn(unused)]`) on by default
help: remove these parentheses
   |
89 -                         authorities: initial_authorities.iter().map(|x| (x.0.clone())).collect::<Vec<_>>(),
89 +                         authorities: initial_authorities.iter().map(|x| x.0.clone()).collect::<Vec<_>>(),
   |

warning: `solochain-template-runtime` (lib) generated 2 warnings (run `cargo fix --lib -p solochain-template-runtime` to apply 2 suggestions)
    Finished `release` profile [optimized] target(s) in 2m 19s
warning: the following packages contain code that will be rejected by a future version of Rust: trie-db v0.30.0
note: to see what the problems were, use the option `--future-incompat-report`, or run `cargo report future-incompatibilities --id 1`
